2026.04.15 14:53:25 INFO  Started: Metals version 1.6.7 in folders '/home/ad/afs/web/BookingCreelHouse' for client Visual Studio Code 1.115.0.
2026.04.15 14:53:25 INFO  Memory monitor started
2026.04.15 14:53:25 WARN  Using H2 2.4.240 which is newer than the version Flyway has been verified with. The latest verified version of H2 is 2.3.232.
2026.04.15 14:53:26 INFO  no build target found for /home/ad/afs/web/BookingCreelHouse/src/main/java/dev/_xdbe/booking/creelhouse/infrastructure/configuration/SecurityConfiguration.java. Using fallback presentation compiler.
avr. 15, 2026 2:53:27 PM org.eclipse.lsp4j.jsonrpc.RemoteEndpoint handleCancellation
AVERTISSEMENT: Unmatched cancel notification for request id 2
avr. 15, 2026 2:53:27 PM org.eclipse.lsp4j.jsonrpc.RemoteEndpoint handleCancellation
AVERTISSEMENT: Unmatched cancel notification for request id 1
2026.04.15 14:53:27 INFO  no build target found for /home/ad/afs/web/BookingCreelHouse/src/main/java/dev/_xdbe/booking/creelhouse/infrastructure/configuration/SecurityConfiguration.java. Using fallback presentation compiler.
2026.04.15 14:53:30 INFO  no build target found for /home/ad/afs/web/BookingCreelHouse/src/main/java/dev/_xdbe/booking/creelhouse/infrastructure/configuration/SecurityConfiguration.java. Using fallback presentation compiler.
2026.04.15 14:53:30 WARN  no build target for: /home/ad/afs/web/BookingCreelHouse/src/main/java/dev/_xdbe/booking/creelhouse/infrastructure/configuration/SecurityConfiguration.java
2026.04.15 14:53:30 INFO  no build target found for /home/ad/afs/web/BookingCreelHouse/src/main/java/dev/_xdbe/booking/creelhouse/infrastructure/configuration/SecurityConfiguration.java. Using fallback presentation compiler.
2026.04.15 14:53:30 INFO  no build target found for /home/ad/afs/web/BookingCreelHouse/src/main/java/dev/_xdbe/booking/creelhouse/infrastructure/configuration/SecurityConfiguration.java. Using fallback presentation compiler.
2026.04.15 14:53:30 INFO  no build target found for /home/ad/afs/web/BookingCreelHouse/src/main/java/dev/_xdbe/booking/creelhouse/infrastructure/configuration/SecurityConfiguration.java. Using fallback presentation compiler.
2026.04.15 14:53:30 INFO  no build target found for /home/ad/afs/web/BookingCreelHouse/src/main/java/dev/_xdbe/booking/creelhouse/infrastructure/configuration/SecurityConfiguration.java. Using fallback presentation compiler.
2026.04.15 14:53:30 INFO  no build target found for /home/ad/afs/web/BookingCreelHouse/src/main/java/dev/_xdbe/booking/creelhouse/infrastructure/configuration/SecurityConfiguration.java. Using fallback presentation compiler.
2026.04.15 14:53:34 INFO  no build target found for /home/ad/afs/web/BookingCreelHouse/src/main/java/dev/_xdbe/booking/creelhouse/infrastructure/configuration/SecurityConfiguration.java. Using fallback presentation compiler.
2026.04.15 14:53:37 INFO  no build target found for /home/ad/afs/web/BookingCreelHouse/src/main/java/dev/_xdbe/booking/creelhouse/infrastructure/configuration/SecurityConfiguration.java. Using fallback presentation compiler.
2026.04.15 14:53:47 INFO  no build target found for /home/ad/afs/web/BookingCreelHouse/src/main/java/dev/_xdbe/booking/creelhouse/infrastructure/configuration/SecurityConfiguration.java. Using fallback presentation compiler.
2026.04.15 14:53:51 INFO  no build target found for /home/ad/afs/web/BookingCreelHouse/src/main/java/dev/_xdbe/booking/creelhouse/infrastructure/configuration/SecurityConfiguration.java. Using fallback presentation compiler.
2026.04.15 14:53:52 INFO  no build target found for /home/ad/afs/web/BookingCreelHouse/src/main/java/dev/_xdbe/booking/creelhouse/infrastructure/configuration/SecurityConfiguration.java. Using fallback presentation compiler.
2026.04.15 14:53:52 INFO  no build target found for /home/ad/afs/web/BookingCreelHouse/src/main/java/dev/_xdbe/booking/creelhouse/infrastructure/configuration/SecurityConfiguration.java. Using fallback presentation compiler.
2026.04.15 14:53:52 INFO  no build target found for /home/ad/afs/web/BookingCreelHouse/src/main/java/dev/_xdbe/booking/creelhouse/infrastructure/configuration/SecurityConfiguration.java. Using fallback presentation compiler.
2026.04.15 14:53:52 INFO  no build target found for /home/ad/afs/web/BookingCreelHouse/src/main/java/dev/_xdbe/booking/creelhouse/infrastructure/configuration/SecurityConfiguration.java. Using fallback presentation compiler.
2026.04.15 14:53:52 INFO  no build target found for /home/ad/afs/web/BookingCreelHouse/src/main/java/dev/_xdbe/booking/creelhouse/infrastructure/configuration/SecurityConfiguration.java. Using fallback presentation compiler.
2026.04.15 14:53:52 INFO  no build target found for /home/ad/afs/web/BookingCreelHouse/src/main/java/dev/_xdbe/booking/creelhouse/infrastructure/configuration/SecurityConfiguration.java. Using fallback presentation compiler.
2026.04.15 14:53:53 INFO  no build target found for /home/ad/afs/web/BookingCreelHouse/src/main/java/dev/_xdbe/booking/creelhouse/infrastructure/configuration/SecurityConfiguration.java. Using fallback presentation compiler.
2026.04.15 14:53:53 INFO  no build target found for /home/ad/afs/web/BookingCreelHouse/src/main/java/dev/_xdbe/booking/creelhouse/infrastructure/configuration/SecurityConfiguration.java. Using fallback presentation compiler.
2026.04.15 14:53:54 INFO  no build target found for /home/ad/afs/web/BookingCreelHouse/src/main/java/dev/_xdbe/booking/creelhouse/infrastructure/configuration/SecurityConfiguration.java. Using fallback presentation compiler.
2026.04.15 14:53:57 INFO  no build target found for /home/ad/afs/web/BookingCreelHouse/src/main/java/dev/_xdbe/booking/creelhouse/infrastructure/configuration/SecurityConfiguration.java. Using fallback presentation compiler.
2026.04.15 14:53:57 INFO  no build target found for /home/ad/afs/web/BookingCreelHouse/src/main/java/dev/_xdbe/booking/creelhouse/infrastructure/configuration/SecurityConfiguration.java. Using fallback presentation compiler.
2026.04.15 14:53:57 INFO  no build target found for /home/ad/afs/web/BookingCreelHouse/src/main/java/dev/_xdbe/booking/creelhouse/infrastructure/configuration/SecurityConfiguration.java. Using fallback presentation compiler.
2026.04.15 14:53:57 INFO  no build target found for /home/ad/afs/web/BookingCreelHouse/src/main/java/dev/_xdbe/booking/creelhouse/infrastructure/configuration/SecurityConfiguration.java. Using fallback presentation compiler.
2026.04.15 14:53:59 WARN  no build target for: /home/ad/afs/web/BookingCreelHouse/src/main/java/dev/_xdbe/booking/creelhouse/infrastructure/configuration/SecurityConfiguration.java
2026.04.15 14:53:59 INFO  no build target found for /home/ad/afs/web/BookingCreelHouse/src/main/java/dev/_xdbe/booking/creelhouse/infrastructure/configuration/SecurityConfiguration.java. Using fallback presentation compiler.
2026.04.15 14:53:59 INFO  no build target found for /home/ad/afs/web/BookingCreelHouse/src/main/java/dev/_xdbe/booking/creelhouse/infrastructure/configuration/SecurityConfiguration.java. Using fallback presentation compiler.
2026.04.15 14:53:59 INFO  no build target found for /home/ad/afs/web/BookingCreelHouse/src/main/java/dev/_xdbe/booking/creelhouse/infrastructure/configuration/SecurityConfiguration.java. Using fallback presentation compiler.
2026.04.15 14:54:01 INFO  no build target found for /home/ad/afs/web/BookingCreelHouse/src/main/java/dev/_xdbe/booking/creelhouse/infrastructure/configuration/SecurityConfiguration.java. Using fallback presentation compiler.
2026.04.15 14:54:01 INFO  no build target found for /home/ad/afs/web/BookingCreelHouse/src/main/java/dev/_xdbe/booking/creelhouse/infrastructure/configuration/SecurityConfiguration.java. Using fallback presentation compiler.
2026.04.15 14:54:01 INFO  no build target found for /home/ad/afs/web/BookingCreelHouse/src/main/java/dev/_xdbe/booking/creelhouse/infrastructure/configuration/SecurityConfiguration.java. Using fallback presentation compiler.
2026.04.15 14:54:01 INFO  no build target found for /home/ad/afs/web/BookingCreelHouse/src/main/java/dev/_xdbe/booking/creelhouse/infrastructure/configuration/SecurityConfiguration.java. Using fallback presentation compiler.
2026.04.15 14:54:01 INFO  no build target found for /home/ad/afs/web/BookingCreelHouse/src/main/java/dev/_xdbe/booking/creelhouse/infrastructure/configuration/SecurityConfiguration.java. Using fallback presentation compiler.
2026.04.15 14:54:02 INFO  no build target found for /home/ad/afs/web/BookingCreelHouse/src/main/java/dev/_xdbe/booking/creelhouse/infrastructure/configuration/SecurityConfiguration.java. Using fallback presentation compiler.
2026.04.15 14:54:02 INFO  no build target found for /home/ad/afs/web/BookingCreelHouse/src/main/java/dev/_xdbe/booking/creelhouse/infrastructure/configuration/SecurityConfiguration.java. Using fallback presentation compiler.
2026.04.15 14:54:02 INFO  no build target found for /home/ad/afs/web/BookingCreelHouse/src/main/java/dev/_xdbe/booking/creelhouse/infrastructure/configuration/SecurityConfiguration.java. Using fallback presentation compiler.
2026.04.15 14:54:02 INFO  no build target found for /home/ad/afs/web/BookingCreelHouse/src/main/java/dev/_xdbe/booking/creelhouse/infrastructure/configuration/SecurityConfiguration.java. Using fallback presentation compiler.
2026.04.15 14:54:02 INFO  no build target found for /home/ad/afs/web/BookingCreelHouse/src/main/java/dev/_xdbe/booking/creelhouse/infrastructure/configuration/SecurityConfiguration.java. Using fallback presentation compiler.
2026.04.15 14:54:03 INFO  no build target found for /home/ad/afs/web/BookingCreelHouse/src/main/java/dev/_xdbe/booking/creelhouse/infrastructure/configuration/SecurityConfiguration.java. Using fallback presentation compiler.
2026.04.15 14:54:03 INFO  no build target found for /home/ad/afs/web/BookingCreelHouse/src/main/java/dev/_xdbe/booking/creelhouse/infrastructure/configuration/SecurityConfiguration.java. Using fallback presentation compiler.
2026.04.15 14:54:03 INFO  no build target found for /home/ad/afs/web/BookingCreelHouse/src/main/java/dev/_xdbe/booking/creelhouse/infrastructure/configuration/SecurityConfiguration.java. Using fallback presentation compiler.
2026.04.15 14:54:03 WARN  no build target for: /home/ad/afs/web/BookingCreelHouse/src/main/java/dev/_xdbe/booking/creelhouse/infrastructure/configuration/SecurityConfiguration.java
2026.04.15 14:54:03 INFO  no build target found for /home/ad/afs/web/BookingCreelHouse/src/main/java/dev/_xdbe/booking/creelhouse/infrastructure/configuration/SecurityConfiguration.java. Using fallback presentation compiler.
2026.04.15 14:54:03 INFO  no build target found for /home/ad/afs/web/BookingCreelHouse/src/main/java/dev/_xdbe/booking/creelhouse/infrastructure/configuration/SecurityConfiguration.java. Using fallback presentation compiler.
2026.04.15 14:54:03 INFO  no build target found for /home/ad/afs/web/BookingCreelHouse/src/main/java/dev/_xdbe/booking/creelhouse/infrastructure/configuration/SecurityConfiguration.java. Using fallback presentation compiler.
2026.04.15 14:54:03 INFO  Created report: Optional[file:///home/ad/afs/web/BookingCreelHouse/src/main/java/dev/_xdbe/booking/creelhouse/infrastructure/configuration/SecurityConfiguration.java]
2026.04.15 14:54:03 INFO  empty definition using pc, found symbol in pc: _empty_/User#builder#username#password# (full report at: "/home/ad/afs/web/BookingCreelHouse/.metals/.reports/metals-full/2026-04-15/r_empty-definition_14-54-03-650.md")
2026.04.15 14:54:03 INFO  empty definition using pc, found symbol in pc: _empty_/User#builder#username#password# (full report at: "/home/ad/afs/web/BookingCreelHouse/.metals/.reports/metals-full/2026-04-15/r_empty-definition_14-54-03-650.md")
2026.04.15 14:54:03 INFO  no build target found for /home/ad/afs/web/BookingCreelHouse/src/main/java/dev/_xdbe/booking/creelhouse/infrastructure/configuration/SecurityConfiguration.java. Using fallback presentation compiler.
2026.04.15 14:54:05 INFO  no build target found for /home/ad/afs/web/BookingCreelHouse/src/main/java/dev/_xdbe/booking/creelhouse/infrastructure/configuration/SecurityConfiguration.java. Using fallback presentation compiler.
2026.04.15 14:54:05 INFO  no build target found for /home/ad/afs/web/BookingCreelHouse/src/main/java/dev/_xdbe/booking/creelhouse/infrastructure/configuration/SecurityConfiguration.java. Using fallback presentation compiler.
2026.04.15 14:54:06 INFO  no build target found for /home/ad/afs/web/BookingCreelHouse/src/main/java/dev/_xdbe/booking/creelhouse/infrastructure/configuration/SecurityConfiguration.java. Using fallback presentation compiler.
2026.04.15 14:54:06 INFO  no build target found for /home/ad/afs/web/BookingCreelHouse/src/main/java/dev/_xdbe/booking/creelhouse/infrastructure/configuration/SecurityConfiguration.java. Using fallback presentation compiler.
2026.04.15 14:54:06 INFO  no build target found for /home/ad/afs/web/BookingCreelHouse/src/main/java/dev/_xdbe/booking/creelhouse/infrastructure/configuration/SecurityConfiguration.java. Using fallback presentation compiler.
2026.04.15 14:54:06 INFO  no build target found for /home/ad/afs/web/BookingCreelHouse/src/main/java/dev/_xdbe/booking/creelhouse/infrastructure/configuration/SecurityConfiguration.java. Using fallback presentation compiler.
2026.04.15 14:54:06 INFO  no build target found for /home/ad/afs/web/BookingCreelHouse/src/main/java/dev/_xdbe/booking/creelhouse/infrastructure/configuration/SecurityConfiguration.java. Using fallback presentation compiler.
2026.04.15 14:54:08 INFO  no build target found for /home/ad/afs/web/BookingCreelHouse/src/main/java/dev/_xdbe/booking/creelhouse/infrastructure/configuration/SecurityConfiguration.java. Using fallback presentation compiler.
2026.04.15 14:54:08 INFO  no build target found for /home/ad/afs/web/BookingCreelHouse/src/main/java/dev/_xdbe/booking/creelhouse/infrastructure/configuration/SecurityConfiguration.java. Using fallback presentation compiler.
2026.04.15 14:54:08 INFO  no build target found for /home/ad/afs/web/BookingCreelHouse/src/main/java/dev/_xdbe/booking/creelhouse/infrastructure/configuration/SecurityConfiguration.java. Using fallback presentation compiler.
2026.04.15 14:54:08 INFO  no build target found for /home/ad/afs/web/BookingCreelHouse/src/main/java/dev/_xdbe/booking/creelhouse/infrastructure/configuration/SecurityConfiguration.java. Using fallback presentation compiler.
2026.04.15 14:54:08 INFO  no build target found for /home/ad/afs/web/BookingCreelHouse/src/main/java/dev/_xdbe/booking/creelhouse/infrastructure/configuration/SecurityConfiguration.java. Using fallback presentation compiler.
2026.04.15 14:54:09 INFO  no build target found for /home/ad/afs/web/BookingCreelHouse/src/main/java/dev/_xdbe/booking/creelhouse/infrastructure/configuration/SecurityConfiguration.java. Using fallback presentation compiler.
2026.04.15 14:54:09 INFO  no build target found for /home/ad/afs/web/BookingCreelHouse/src/main/java/dev/_xdbe/booking/creelhouse/infrastructure/configuration/SecurityConfiguration.java. Using fallback presentation compiler.
2026.04.15 14:54:09 INFO  no build target found for /home/ad/afs/web/BookingCreelHouse/src/main/java/dev/_xdbe/booking/creelhouse/infrastructure/configuration/SecurityConfiguration.java. Using fallback presentation compiler.
2026.04.15 14:54:09 INFO  no build target found for /home/ad/afs/web/BookingCreelHouse/src/main/java/dev/_xdbe/booking/creelhouse/infrastructure/configuration/SecurityConfiguration.java. Using fallback presentation compiler.
2026.04.15 14:54:10 INFO  no build target found for /home/ad/afs/web/BookingCreelHouse/src/main/java/dev/_xdbe/booking/creelhouse/infrastructure/configuration/SecurityConfiguration.java. Using fallback presentation compiler.
2026.04.15 14:54:09 INFO  no build target found for /home/ad/afs/web/BookingCreelHouse/src/main/java/dev/_xdbe/booking/creelhouse/infrastructure/configuration/SecurityConfiguration.java. Using fallback presentation compiler.
2026.04.15 14:54:10 INFO  no build target found for /home/ad/afs/web/BookingCreelHouse/src/main/java/dev/_xdbe/booking/creelhouse/infrastructure/configuration/SecurityConfiguration.java. Using fallback presentation compiler.
2026.04.15 14:54:10 INFO  no build target found for /home/ad/afs/web/BookingCreelHouse/src/main/java/dev/_xdbe/booking/creelhouse/infrastructure/configuration/SecurityConfiguration.java. Using fallback presentation compiler.
2026.04.15 14:54:10 INFO  no build target found for /home/ad/afs/web/BookingCreelHouse/src/main/java/dev/_xdbe/booking/creelhouse/infrastructure/configuration/SecurityConfiguration.java. Using fallback presentation compiler.
2026.04.15 14:54:10 INFO  no build target found for /home/ad/afs/web/BookingCreelHouse/src/main/java/dev/_xdbe/booking/creelhouse/infrastructure/configuration/SecurityConfiguration.java. Using fallback presentation compiler.
2026.04.15 14:54:10 INFO  no build target found for /home/ad/afs/web/BookingCreelHouse/src/main/java/dev/_xdbe/booking/creelhouse/infrastructure/configuration/SecurityConfiguration.java. Using fallback presentation compiler.
2026.04.15 14:54:11 INFO  no build target found for /home/ad/afs/web/BookingCreelHouse/src/main/java/dev/_xdbe/booking/creelhouse/infrastructure/configuration/SecurityConfiguration.java. Using fallback presentation compiler.
2026.04.15 14:54:12 INFO  no build target found for /home/ad/afs/web/BookingCreelHouse/src/main/java/dev/_xdbe/booking/creelhouse/infrastructure/configuration/SecurityConfiguration.java. Using fallback presentation compiler.
2026.04.15 14:54:13 INFO  no build target found for /home/ad/afs/web/BookingCreelHouse/src/main/java/dev/_xdbe/booking/creelhouse/infrastructure/configuration/SecurityConfiguration.java. Using fallback presentation compiler.
2026.04.15 14:54:13 INFO  no build target found for /home/ad/afs/web/BookingCreelHouse/src/main/java/dev/_xdbe/booking/creelhouse/infrastructure/configuration/SecurityConfiguration.java. Using fallback presentation compiler.
2026.04.15 14:54:13 INFO  no build target found for /home/ad/afs/web/BookingCreelHouse/src/main/java/dev/_xdbe/booking/creelhouse/infrastructure/configuration/SecurityConfiguration.java. Using fallback presentation compiler.
2026.04.15 14:54:13 INFO  no build target found for /home/ad/afs/web/BookingCreelHouse/src/main/java/dev/_xdbe/booking/creelhouse/infrastructure/configuration/SecurityConfiguration.java. Using fallback presentation compiler.
2026.04.15 14:54:13 INFO  no build target found for /home/ad/afs/web/BookingCreelHouse/src/main/java/dev/_xdbe/booking/creelhouse/infrastructure/configuration/SecurityConfiguration.java. Using fallback presentation compiler.
2026.04.15 14:54:13 INFO  no build target found for /home/ad/afs/web/BookingCreelHouse/src/main/java/dev/_xdbe/booking/creelhouse/infrastructure/configuration/SecurityConfiguration.java. Using fallback presentation compiler.
2026.04.15 14:54:14 INFO  no build target found for /home/ad/afs/web/BookingCreelHouse/src/main/java/dev/_xdbe/booking/creelhouse/infrastructure/configuration/SecurityConfiguration.java. Using fallback presentation compiler.
2026.04.15 14:54:14 INFO  no build target found for /home/ad/afs/web/BookingCreelHouse/src/main/java/dev/_xdbe/booking/creelhouse/infrastructure/configuration/SecurityConfiguration.java. Using fallback presentation compiler.
2026.04.15 14:54:14 INFO  no build target found for /home/ad/afs/web/BookingCreelHouse/src/main/java/dev/_xdbe/booking/creelhouse/infrastructure/configuration/SecurityConfiguration.java. Using fallback presentation compiler.
2026.04.15 14:54:14 INFO  no build target found for /home/ad/afs/web/BookingCreelHouse/src/main/java/dev/_xdbe/booking/creelhouse/infrastructure/configuration/SecurityConfiguration.java. Using fallback presentation compiler.
2026.04.15 14:54:16 INFO  no build target found for /home/ad/afs/web/BookingCreelHouse/src/main/java/dev/_xdbe/booking/creelhouse/infrastructure/configuration/SecurityConfiguration.java. Using fallback presentation compiler.
2026.04.15 14:54:16 INFO  no build target found for /home/ad/afs/web/BookingCreelHouse/src/main/java/dev/_xdbe/booking/creelhouse/infrastructure/configuration/SecurityConfiguration.java. Using fallback presentation compiler.
2026.04.15 14:54:16 INFO  no build target found for /home/ad/afs/web/BookingCreelHouse/src/main/java/dev/_xdbe/booking/creelhouse/infrastructure/configuration/SecurityConfiguration.java. Using fallback presentation compiler.
2026.04.15 14:54:16 INFO  no build target found for /home/ad/afs/web/BookingCreelHouse/src/main/java/dev/_xdbe/booking/creelhouse/infrastructure/configuration/SecurityConfiguration.java. Using fallback presentation compiler.
2026.04.15 14:54:16 INFO  no build target found for /home/ad/afs/web/BookingCreelHouse/src/main/java/dev/_xdbe/booking/creelhouse/infrastructure/configuration/SecurityConfiguration.java. Using fallback presentation compiler.
2026.04.15 14:54:17 INFO  no build target found for /home/ad/afs/web/BookingCreelHouse/src/main/java/dev/_xdbe/booking/creelhouse/infrastructure/configuration/SecurityConfiguration.java. Using fallback presentation compiler.
2026.04.15 14:54:17 INFO  no build target found for /home/ad/afs/web/BookingCreelHouse/src/main/java/dev/_xdbe/booking/creelhouse/infrastructure/configuration/SecurityConfiguration.java. Using fallback presentation compiler.
2026.04.15 14:54:17 INFO  no build target found for /home/ad/afs/web/BookingCreelHouse/src/main/java/dev/_xdbe/booking/creelhouse/infrastructure/configuration/SecurityConfiguration.java. Using fallback presentation compiler.
2026.04.15 14:54:17 INFO  no build target found for /home/ad/afs/web/BookingCreelHouse/src/main/java/dev/_xdbe/booking/creelhouse/infrastructure/configuration/SecurityConfiguration.java. Using fallback presentation compiler.
2026.04.15 14:54:17 INFO  no build target found for /home/ad/afs/web/BookingCreelHouse/src/main/java/dev/_xdbe/booking/creelhouse/infrastructure/configuration/SecurityConfiguration.java. Using fallback presentation compiler.
2026.04.15 14:54:17 INFO  no build target found for /home/ad/afs/web/BookingCreelHouse/src/main/java/dev/_xdbe/booking/creelhouse/infrastructure/configuration/SecurityConfiguration.java. Using fallback presentation compiler.
2026.04.15 14:54:17 INFO  no build target found for /home/ad/afs/web/BookingCreelHouse/src/main/java/dev/_xdbe/booking/creelhouse/infrastructure/configuration/SecurityConfiguration.java. Using fallback presentation compiler.
2026.04.15 14:54:18 INFO  no build target found for /home/ad/afs/web/BookingCreelHouse/src/main/java/dev/_xdbe/booking/creelhouse/infrastructure/configuration/SecurityConfiguration.java. Using fallback presentation compiler.
2026.04.15 14:54:18 INFO  no build target found for /home/ad/afs/web/BookingCreelHouse/src/main/java/dev/_xdbe/booking/creelhouse/infrastructure/configuration/SecurityConfiguration.java. Using fallback presentation compiler.
2026.04.15 14:54:18 INFO  no build target found for /home/ad/afs/web/BookingCreelHouse/src/main/java/dev/_xdbe/booking/creelhouse/infrastructure/configuration/SecurityConfiguration.java. Using fallback presentation compiler.
2026.04.15 14:54:18 INFO  no build target found for /home/ad/afs/web/BookingCreelHouse/src/main/java/dev/_xdbe/booking/creelhouse/infrastructure/configuration/SecurityConfiguration.java. Using fallback presentation compiler.
2026.04.15 14:54:19 INFO  no build target found for /home/ad/afs/web/BookingCreelHouse/src/main/java/dev/_xdbe/booking/creelhouse/infrastructure/configuration/SecurityConfiguration.java. Using fallback presentation compiler.
2026.04.15 14:54:19 WARN  no build target for: /home/ad/afs/web/BookingCreelHouse/src/main/java/dev/_xdbe/booking/creelhouse/infrastructure/configuration/SecurityConfiguration.java
2026.04.15 14:54:19 INFO  no build target found for /home/ad/afs/web/BookingCreelHouse/src/main/java/dev/_xdbe/booking/creelhouse/infrastructure/configuration/SecurityConfiguration.java. Using fallback presentation compiler.
2026.04.15 14:54:20 INFO  no build target found for /home/ad/afs/web/BookingCreelHouse/src/main/java/dev/_xdbe/booking/creelhouse/infrastructure/configuration/SecurityConfiguration.java. Using fallback presentation compiler.
2026.04.15 14:54:20 INFO  no build target found for /home/ad/afs/web/BookingCreelHouse/src/main/java/dev/_xdbe/booking/creelhouse/infrastructure/configuration/SecurityConfiguration.java. Using fallback presentation compiler.
2026.04.15 14:54:22 INFO  no build target found for /home/ad/afs/web/BookingCreelHouse/src/main/java/dev/_xdbe/booking/creelhouse/infrastructure/configuration/SecurityConfiguration.java. Using fallback presentation compiler.
2026.04.15 14:54:22 INFO  no build target found for /home/ad/afs/web/BookingCreelHouse/src/main/java/dev/_xdbe/booking/creelhouse/infrastructure/configuration/SecurityConfiguration.java. Using fallback presentation compiler.
2026.04.15 14:54:22 INFO  no build target found for /home/ad/afs/web/BookingCreelHouse/src/main/java/dev/_xdbe/booking/creelhouse/infrastructure/configuration/SecurityConfiguration.java. Using fallback presentation compiler.
2026.04.15 14:54:22 INFO  no build target found for /home/ad/afs/web/BookingCreelHouse/src/main/java/dev/_xdbe/booking/creelhouse/infrastructure/configuration/SecurityConfiguration.java. Using fallback presentation compiler.
2026.04.15 14:54:22 INFO  no build target found for /home/ad/afs/web/BookingCreelHouse/src/main/java/dev/_xdbe/booking/creelhouse/infrastructure/configuration/SecurityConfiguration.java. Using fallback presentation compiler.
2026.04.15 14:54:23 INFO  no build target found for /home/ad/afs/web/BookingCreelHouse/src/main/java/dev/_xdbe/booking/creelhouse/infrastructure/configuration/SecurityConfiguration.java. Using fallback presentation compiler.
2026.04.15 14:54:23 INFO  no build target found for /home/ad/afs/web/BookingCreelHouse/src/main/java/dev/_xdbe/booking/creelhouse/infrastructure/configuration/SecurityConfiguration.java. Using fallback presentation compiler.
2026.04.15 14:54:25 WARN  no build target for: /home/ad/afs/web/BookingCreelHouse/src/main/java/dev/_xdbe/booking/creelhouse/infrastructure/configuration/SecurityConfiguration.java
2026.04.15 14:54:25 INFO  no build target found for /home/ad/afs/web/BookingCreelHouse/src/main/java/dev/_xdbe/booking/creelhouse/infrastructure/configuration/SecurityConfiguration.java. Using fallback presentation compiler.
2026.04.15 14:54:26 INFO  no build target found for /home/ad/afs/web/BookingCreelHouse/src/main/java/dev/_xdbe/booking/creelhouse/infrastructure/configuration/SecurityConfiguration.java. Using fallback presentation compiler.
2026.04.15 14:54:26 INFO  no build target found for /home/ad/afs/web/BookingCreelHouse/src/main/java/dev/_xdbe/booking/creelhouse/infrastructure/configuration/SecurityConfiguration.java. Using fallback presentation compiler.
2026.04.15 14:54:27 INFO  no build target found for /home/ad/afs/web/BookingCreelHouse/src/main/java/dev/_xdbe/booking/creelhouse/infrastructure/configuration/SecurityConfiguration.java. Using fallback presentation compiler.
2026.04.15 14:54:28 INFO  no build target found for /home/ad/afs/web/BookingCreelHouse/src/main/java/dev/_xdbe/booking/creelhouse/infrastructure/configuration/SecurityConfiguration.java. Using fallback presentation compiler.
2026.04.15 14:54:31 INFO  no build target found for /home/ad/afs/web/BookingCreelHouse/src/main/java/dev/_xdbe/booking/creelhouse/infrastructure/configuration/SecurityConfiguration.java. Using fallback presentation compiler.
2026.04.15 15:01:46 INFO  no build target found for /home/ad/afs/web/BookingCreelHouse/src/main/java/dev/_xdbe/booking/creelhouse/infrastructure/configuration/SecurityConfiguration.java. Using fallback presentation compiler.
2026.04.15 15:01:46 INFO  no build target found for /home/ad/afs/web/BookingCreelHouse/src/main/java/dev/_xdbe/booking/creelhouse/infrastructure/configuration/SecurityConfiguration.java. Using fallback presentation compiler.
2026.04.15 15:01:51 INFO  no build target found for /home/ad/afs/web/BookingCreelHouse/src/main/java/dev/_xdbe/booking/creelhouse/infrastructure/configuration/SecurityConfiguration.java. Using fallback presentation compiler.
2026.04.15 15:01:51 INFO  no build target found for /home/ad/afs/web/BookingCreelHouse/src/main/java/dev/_xdbe/booking/creelhouse/infrastructure/configuration/SecurityConfiguration.java. Using fallback presentation compiler.
2026.04.15 15:01:52 INFO  no build target found for /home/ad/afs/web/BookingCreelHouse/src/main/java/dev/_xdbe/booking/creelhouse/infrastructure/configuration/SecurityConfiguration.java. Using fallback presentation compiler.
2026.04.15 15:01:52 INFO  no build target found for /home/ad/afs/web/BookingCreelHouse/src/main/java/dev/_xdbe/booking/creelhouse/infrastructure/configuration/SecurityConfiguration.java. Using fallback presentation compiler.
2026.04.15 15:01:52 INFO  no build target found for /home/ad/afs/web/BookingCreelHouse/src/main/java/dev/_xdbe/booking/creelhouse/infrastructure/configuration/SecurityConfiguration.java. Using fallback presentation compiler.
2026.04.15 15:01:52 INFO  no build target found for /home/ad/afs/web/BookingCreelHouse/src/main/java/dev/_xdbe/booking/creelhouse/infrastructure/configuration/SecurityConfiguration.java. Using fallback presentation compiler.
2026.04.15 15:01:52 INFO  no build target found for /home/ad/afs/web/BookingCreelHouse/src/main/java/dev/_xdbe/booking/creelhouse/infrastructure/configuration/SecurityConfiguration.java. Using fallback presentation compiler.
2026.04.15 15:01:54 INFO  no build target found for /home/ad/afs/web/BookingCreelHouse/src/main/java/dev/_xdbe/booking/creelhouse/infrastructure/configuration/SecurityConfiguration.java. Using fallback presentation compiler.
2026.04.15 15:01:54 INFO  no build target found for /home/ad/afs/web/BookingCreelHouse/src/main/java/dev/_xdbe/booking/creelhouse/infrastructure/configuration/SecurityConfiguration.java. Using fallback presentation compiler.
2026.04.15 15:01:54 INFO  no build target found for /home/ad/afs/web/BookingCreelHouse/src/main/java/dev/_xdbe/booking/creelhouse/infrastructure/configuration/SecurityConfiguration.java. Using fallback presentation compiler.
2026.04.15 15:01:54 INFO  no build target found for /home/ad/afs/web/BookingCreelHouse/src/main/java/dev/_xdbe/booking/creelhouse/infrastructure/configuration/SecurityConfiguration.java. Using fallback presentation compiler.
2026.04.15 15:01:54 INFO  no build target found for /home/ad/afs/web/BookingCreelHouse/src/main/java/dev/_xdbe/booking/creelhouse/infrastructure/configuration/SecurityConfiguration.java. Using fallback presentation compiler.
2026.04.15 15:01:55 WARN  no build target for: /home/ad/afs/web/BookingCreelHouse/src/main/java/dev/_xdbe/booking/creelhouse/infrastructure/configuration/SecurityConfiguration.java
2026.04.15 15:01:55 INFO  no build target found for /home/ad/afs/web/BookingCreelHouse/src/main/java/dev/_xdbe/booking/creelhouse/infrastructure/configuration/SecurityConfiguration.java. Using fallback presentation compiler.
2026.04.15 15:01:56 INFO  no build target found for /home/ad/afs/web/BookingCreelHouse/src/main/java/dev/_xdbe/booking/creelhouse/infrastructure/configuration/SecurityConfiguration.java. Using fallback presentation compiler.
2026.04.15 15:01:58 INFO  no build target found for /home/ad/afs/web/BookingCreelHouse/src/main/java/dev/_xdbe/booking/creelhouse/infrastructure/configuration/SecurityConfiguration.java. Using fallback presentation compiler.
avr. 15, 2026 3:01:58 PM org.eclipse.lsp4j.jsonrpc.RemoteEndpoint handleCancellation
AVERTISSEMENT: Unmatched cancel notification for request id 230
2026.04.15 15:01:58 INFO  no build target found for /home/ad/afs/web/BookingCreelHouse/src/main/java/dev/_xdbe/booking/creelhouse/infrastructure/configuration/SecurityConfiguration.java. Using fallback presentation compiler.
2026.04.15 15:02:04 INFO  no build target found for /home/ad/afs/web/BookingCreelHouse/src/main/java/dev/_xdbe/booking/creelhouse/infrastructure/configuration/SecurityConfiguration.java. Using fallback presentation compiler.
2026.04.15 15:02:04 INFO  no build target found for /home/ad/afs/web/BookingCreelHouse/src/main/java/dev/_xdbe/booking/creelhouse/infrastructure/configuration/SecurityConfiguration.java. Using fallback presentation compiler.
2026.04.15 15:02:05 INFO  no build target found for /home/ad/afs/web/BookingCreelHouse/src/main/java/dev/_xdbe/booking/creelhouse/infrastructure/configuration/SecurityConfiguration.java. Using fallback presentation compiler.
2026.04.15 15:02:05 INFO  no build target found for /home/ad/afs/web/BookingCreelHouse/src/main/java/dev/_xdbe/booking/creelhouse/infrastructure/configuration/SecurityConfiguration.java. Using fallback presentation compiler.
2026.04.15 15:02:05 INFO  no build target found for /home/ad/afs/web/BookingCreelHouse/src/main/java/dev/_xdbe/booking/creelhouse/infrastructure/configuration/SecurityConfiguration.java. Using fallback presentation compiler.
2026.04.15 15:02:05 INFO  no build target found for /home/ad/afs/web/BookingCreelHouse/src/main/java/dev/_xdbe/booking/creelhouse/infrastructure/configuration/SecurityConfiguration.java. Using fallback presentation compiler.
2026.04.15 15:02:05 INFO  no build target found for /home/ad/afs/web/BookingCreelHouse/src/main/java/dev/_xdbe/booking/creelhouse/infrastructure/configuration/SecurityConfiguration.java. Using fallback presentation compiler.
2026.04.15 15:02:06 INFO  no build target found for /home/ad/afs/web/BookingCreelHouse/src/main/java/dev/_xdbe/booking/creelhouse/infrastructure/configuration/SecurityConfiguration.java. Using fallback presentation compiler.
2026.04.15 15:02:06 INFO  no build target found for /home/ad/afs/web/BookingCreelHouse/src/main/java/dev/_xdbe/booking/creelhouse/infrastructure/configuration/SecurityConfiguration.java. Using fallback presentation compiler.
2026.04.15 15:02:06 WARN  no build target for: /home/ad/afs/web/BookingCreelHouse/src/main/java/dev/_xdbe/booking/creelhouse/infrastructure/configuration/SecurityConfiguration.java
2026.04.15 15:02:07 INFO  no build target found for /home/ad/afs/web/BookingCreelHouse/src/main/java/dev/_xdbe/booking/creelhouse/infrastructure/configuration/SecurityConfiguration.java. Using fallback presentation compiler.
2026.04.15 15:02:06 INFO  no build target found for /home/ad/afs/web/BookingCreelHouse/src/main/java/dev/_xdbe/booking/creelhouse/infrastructure/configuration/SecurityConfiguration.java. Using fallback presentation compiler.
2026.04.15 15:02:07 INFO  no build target found for /home/ad/afs/web/BookingCreelHouse/src/main/java/dev/_xdbe/booking/creelhouse/infrastructure/configuration/SecurityConfiguration.java. Using fallback presentation compiler.
2026.04.15 15:02:15 WARN  no build target for: /home/ad/afs/web/BookingCreelHouse/src/main/java/dev/_xdbe/booking/creelhouse/infrastructure/configuration/SecurityConfiguration.java
2026.04.15 15:02:15 INFO  no build target found for /home/ad/afs/web/BookingCreelHouse/src/main/java/dev/_xdbe/booking/creelhouse/infrastructure/configuration/SecurityConfiguration.java. Using fallback presentation compiler.
2026.04.15 15:02:16 INFO  no build target found for /home/ad/afs/web/BookingCreelHouse/src/main/java/dev/_xdbe/booking/creelhouse/infrastructure/configuration/SecurityConfiguration.java. Using fallback presentation compiler.
2026.04.15 15:12:31 INFO  no build target found for /home/ad/afs/web/BookingCreelHouse/src/main/java/dev/_xdbe/booking/creelhouse/infrastructure/persistence/CreditCardConverter.java. Using fallback presentation compiler.
2026.04.15 15:12:31 INFO  no build target found for /home/ad/afs/web/BookingCreelHouse/src/main/java/dev/_xdbe/booking/creelhouse/infrastructure/persistence/CreditCardConverter.java. Using fallback presentation compiler.
avr. 15, 2026 3:12:32 PM org.eclipse.lsp4j.jsonrpc.RemoteEndpoint handleCancellation
AVERTISSEMENT: Unmatched cancel notification for request id 255
2026.04.15 15:12:32 INFO  no build target found for /home/ad/afs/web/BookingCreelHouse/src/main/java/dev/_xdbe/booking/creelhouse/infrastructure/persistence/CreditCardConverter.java. Using fallback presentation compiler.
2026.04.15 15:12:31 INFO  no build target found for /home/ad/afs/web/BookingCreelHouse/src/main/java/dev/_xdbe/booking/creelhouse/infrastructure/persistence/CreditCardConverter.java. Using fallback presentation compiler.
2026.04.15 15:12:46 INFO  no build target found for /home/ad/afs/web/BookingCreelHouse/src/main/java/dev/_xdbe/booking/creelhouse/infrastructure/persistence/CreditCardConverter.java. Using fallback presentation compiler.
2026.04.15 15:13:31 INFO  no build target found for /home/ad/afs/web/BookingCreelHouse/src/main/java/dev/_xdbe/booking/creelhouse/infrastructure/persistence/CreditCardConverter.java. Using fallback presentation compiler.
2026.04.15 15:13:31 INFO  no build target found for /home/ad/afs/web/BookingCreelHouse/src/main/java/dev/_xdbe/booking/creelhouse/infrastructure/persistence/CreditCardConverter.java. Using fallback presentation compiler.
2026.04.15 15:13:31 INFO  no build target found for /home/ad/afs/web/BookingCreelHouse/src/main/java/dev/_xdbe/booking/creelhouse/infrastructure/persistence/CreditCardConverter.java. Using fallback presentation compiler.
2026.04.15 15:13:33 INFO  no build target found for /home/ad/afs/web/BookingCreelHouse/src/main/java/dev/_xdbe/booking/creelhouse/infrastructure/persistence/CreditCardConverter.java. Using fallback presentation compiler.
2026.04.15 15:13:38 INFO  no build target found for /home/ad/afs/web/BookingCreelHouse/src/main/java/dev/_xdbe/booking/creelhouse/infrastructure/persistence/CreditCardConverter.java. Using fallback presentation compiler.
2026.04.15 15:13:38 INFO  no build target found for /home/ad/afs/web/BookingCreelHouse/src/main/java/dev/_xdbe/booking/creelhouse/infrastructure/persistence/CreditCardConverter.java. Using fallback presentation compiler.
2026.04.15 15:13:38 INFO  no build target found for /home/ad/afs/web/BookingCreelHouse/src/main/java/dev/_xdbe/booking/creelhouse/infrastructure/persistence/CreditCardConverter.java. Using fallback presentation compiler.
2026.04.15 15:13:39 INFO  no build target found for /home/ad/afs/web/BookingCreelHouse/src/main/java/dev/_xdbe/booking/creelhouse/infrastructure/persistence/CreditCardConverter.java. Using fallback presentation compiler.
2026.04.15 15:13:39 INFO  no build target found for /home/ad/afs/web/BookingCreelHouse/src/main/java/dev/_xdbe/booking/creelhouse/infrastructure/persistence/CreditCardConverter.java. Using fallback presentation compiler.
2026.04.15 15:13:39 INFO  no build target found for /home/ad/afs/web/BookingCreelHouse/src/main/java/dev/_xdbe/booking/creelhouse/infrastructure/persistence/CreditCardConverter.java. Using fallback presentation compiler.
2026.04.15 15:13:39 INFO  no build target found for /home/ad/afs/web/BookingCreelHouse/src/main/java/dev/_xdbe/booking/creelhouse/infrastructure/persistence/CreditCardConverter.java. Using fallback presentation compiler.
2026.04.15 15:13:39 INFO  no build target found for /home/ad/afs/web/BookingCreelHouse/src/main/java/dev/_xdbe/booking/creelhouse/infrastructure/persistence/CreditCardConverter.java. Using fallback presentation compiler.
2026.04.15 15:13:40 INFO  no build target found for /home/ad/afs/web/BookingCreelHouse/src/main/java/dev/_xdbe/booking/creelhouse/infrastructure/persistence/CreditCardConverter.java. Using fallback presentation compiler.
2026.04.15 15:13:41 INFO  no build target found for /home/ad/afs/web/BookingCreelHouse/src/main/java/dev/_xdbe/booking/creelhouse/infrastructure/persistence/CreditCardConverter.java. Using fallback presentation compiler.
2026.04.15 15:13:41 WARN  no build target for: /home/ad/afs/web/BookingCreelHouse/src/main/java/dev/_xdbe/booking/creelhouse/infrastructure/persistence/CreditCardConverter.java
2026.04.15 15:13:41 INFO  no build target found for /home/ad/afs/web/BookingCreelHouse/src/main/java/dev/_xdbe/booking/creelhouse/infrastructure/persistence/CreditCardConverter.java. Using fallback presentation compiler.
2026.04.15 15:13:42 INFO  no build target found for /home/ad/afs/web/BookingCreelHouse/src/main/java/dev/_xdbe/booking/creelhouse/infrastructure/persistence/CreditCardConverter.java. Using fallback presentation compiler.
2026.04.15 15:13:46 INFO  no build target found for /home/ad/afs/web/BookingCreelHouse/src/main/java/dev/_xdbe/booking/creelhouse/infrastructure/persistence/CreditCardConverter.java. Using fallback presentation compiler.
2026.04.15 15:13:56 INFO  no build target found for /home/ad/afs/web/BookingCreelHouse/src/main/java/dev/_xdbe/booking/creelhouse/infrastructure/persistence/CreditCardConverter.java. Using fallback presentation compiler.
2026.04.15 15:13:57 WARN  no build target for: /home/ad/afs/web/BookingCreelHouse/src/main/java/dev/_xdbe/booking/creelhouse/infrastructure/persistence/CreditCardConverter.java
2026.04.15 15:13:57 INFO  no build target found for /home/ad/afs/web/BookingCreelHouse/src/main/java/dev/_xdbe/booking/creelhouse/infrastructure/persistence/CreditCardConverter.java. Using fallback presentation compiler.
2026.04.15 15:13:58 INFO  no build target found for /home/ad/afs/web/BookingCreelHouse/src/main/java/dev/_xdbe/booking/creelhouse/infrastructure/persistence/CreditCardConverter.java. Using fallback presentation compiler.
2026.04.15 15:14:29 INFO  no build target found for /home/ad/afs/web/BookingCreelHouse/src/main/java/dev/_xdbe/booking/creelhouse/infrastructure/persistence/CreditCardConverter.java. Using fallback presentation compiler.
2026.04.15 15:14:47 INFO  no build target found for /home/ad/afs/web/BookingCreelHouse/src/main/java/dev/_xdbe/booking/creelhouse/infrastructure/persistence/CreditCardConverter.java. Using fallback presentation compiler.
2026.04.15 15:20:09 INFO  no build target found for /home/ad/afs/web/BookingCreelHouse/src/main/java/dev/_xdbe/booking/creelhouse/infrastructure/persistence/CryptographyHelper.java. Using fallback presentation compiler.
2026.04.15 15:20:09 INFO  no build target found for /home/ad/afs/web/BookingCreelHouse/src/main/java/dev/_xdbe/booking/creelhouse/infrastructure/persistence/CryptographyHelper.java. Using fallback presentation compiler.
2026.04.15 15:20:09 INFO  no build target found for /home/ad/afs/web/BookingCreelHouse/src/main/java/dev/_xdbe/booking/creelhouse/infrastructure/persistence/CryptographyHelper.java. Using fallback presentation compiler.
2026.04.15 15:20:12 INFO  no build target found for /home/ad/afs/web/BookingCreelHouse/src/main/java/dev/_xdbe/booking/creelhouse/infrastructure/persistence/CryptographyHelper.java. Using fallback presentation compiler.
2026.04.15 15:20:28 INFO  no build target found for /home/ad/afs/web/BookingCreelHouse/src/main/java/dev/_xdbe/booking/creelhouse/infrastructure/persistence/CryptographyHelper.java. Using fallback presentation compiler.
2026.04.15 15:20:28 INFO  no build target found for /home/ad/afs/web/BookingCreelHouse/src/main/java/dev/_xdbe/booking/creelhouse/infrastructure/persistence/CryptographyHelper.java. Using fallback presentation compiler.
2026.04.15 15:20:28 INFO  no build target found for /home/ad/afs/web/BookingCreelHouse/src/main/java/dev/_xdbe/booking/creelhouse/infrastructure/persistence/CryptographyHelper.java. Using fallback presentation compiler.
2026.04.15 15:20:29 INFO  no build target found for /home/ad/afs/web/BookingCreelHouse/src/main/java/dev/_xdbe/booking/creelhouse/infrastructure/persistence/CryptographyHelper.java. Using fallback presentation compiler.
2026.04.15 15:20:50 INFO  no build target found for /home/ad/afs/web/BookingCreelHouse/src/main/java/dev/_xdbe/booking/creelhouse/infrastructure/persistence/CryptographyHelper.java. Using fallback presentation compiler.
2026.04.15 15:20:51 INFO  no build target found for /home/ad/afs/web/BookingCreelHouse/src/main/java/dev/_xdbe/booking/creelhouse/infrastructure/persistence/CreditCardConverter.java. Using fallback presentation compiler.
2026.04.15 15:20:52 WARN  no build target for: /home/ad/afs/web/BookingCreelHouse/src/main/java/dev/_xdbe/booking/creelhouse/infrastructure/persistence/CreditCardConverter.java
2026.04.15 15:20:51 INFO  no build target found for /home/ad/afs/web/BookingCreelHouse/src/main/java/dev/_xdbe/booking/creelhouse/infrastructure/persistence/CreditCardConverter.java. Using fallback presentation compiler.
2026.04.15 15:20:52 INFO  no build target found for /home/ad/afs/web/BookingCreelHouse/src/main/java/dev/_xdbe/booking/creelhouse/infrastructure/persistence/CreditCardConverter.java. Using fallback presentation compiler.
2026.04.15 15:20:51 INFO  no build target found for /home/ad/afs/web/BookingCreelHouse/src/main/java/dev/_xdbe/booking/creelhouse/infrastructure/persistence/CreditCardConverter.java. Using fallback presentation compiler.
2026.04.15 15:20:51 INFO  no build target found for /home/ad/afs/web/BookingCreelHouse/src/main/java/dev/_xdbe/booking/creelhouse/infrastructure/persistence/CryptographyHelper.java. Using fallback presentation compiler.
2026.04.15 15:20:52 WARN  no build target for: /home/ad/afs/web/BookingCreelHouse/src/main/java/dev/_xdbe/booking/creelhouse/infrastructure/persistence/CryptographyHelper.java
2026.04.15 15:20:51 INFO  no build target found for /home/ad/afs/web/BookingCreelHouse/src/main/java/dev/_xdbe/booking/creelhouse/infrastructure/persistence/CryptographyHelper.java. Using fallback presentation compiler.
2026.04.15 15:20:52 INFO  no build target found for /home/ad/afs/web/BookingCreelHouse/src/main/java/dev/_xdbe/booking/creelhouse/infrastructure/persistence/CryptographyHelper.java. Using fallback presentation compiler.
2026.04.15 15:20:53 INFO  no build target found for /home/ad/afs/web/BookingCreelHouse/src/main/java/dev/_xdbe/booking/creelhouse/infrastructure/persistence/CryptographyHelper.java. Using fallback presentation compiler.
2026.04.15 15:20:53 INFO  no build target found for /home/ad/afs/web/BookingCreelHouse/src/main/java/dev/_xdbe/booking/creelhouse/infrastructure/persistence/CryptographyHelper.java. Using fallback presentation compiler.
2026.04.15 15:20:54 INFO  no build target found for /home/ad/afs/web/BookingCreelHouse/src/main/java/dev/_xdbe/booking/creelhouse/infrastructure/persistence/CreditCardConverter.java. Using fallback presentation compiler.
2026.04.15 15:20:54 WARN  no build target for: /home/ad/afs/web/BookingCreelHouse/src/main/java/dev/_xdbe/booking/creelhouse/infrastructure/persistence/CreditCardConverter.java
2026.04.15 15:20:54 INFO  no build target found for /home/ad/afs/web/BookingCreelHouse/src/main/java/dev/_xdbe/booking/creelhouse/infrastructure/persistence/CreditCardConverter.java. Using fallback presentation compiler.
2026.04.15 15:20:54 INFO  no build target found for /home/ad/afs/web/BookingCreelHouse/src/main/java/dev/_xdbe/booking/creelhouse/infrastructure/persistence/CreditCardConverter.java. Using fallback presentation compiler.
2026.04.15 15:20:54 INFO  no build target found for /home/ad/afs/web/BookingCreelHouse/src/main/java/dev/_xdbe/booking/creelhouse/infrastructure/persistence/CreditCardConverter.java. Using fallback presentation compiler.
2026.04.15 15:20:54 INFO  no build target found for /home/ad/afs/web/BookingCreelHouse/src/main/java/dev/_xdbe/booking/creelhouse/infrastructure/persistence/CreditCardConverter.java. Using fallback presentation compiler.
2026.04.15 15:20:59 INFO  no build target found for /home/ad/afs/web/BookingCreelHouse/src/main/java/dev/_xdbe/booking/creelhouse/infrastructure/persistence/CreditCardConverter.java. Using fallback presentation compiler.
2026.04.15 15:21:05 INFO  no build target found for /home/ad/afs/web/BookingCreelHouse/src/main/java/dev/_xdbe/booking/creelhouse/infrastructure/persistence/CreditCardConverter.java. Using fallback presentation compiler.
2026.04.15 15:21:05 INFO  no build target found for /home/ad/afs/web/BookingCreelHouse/src/main/java/dev/_xdbe/booking/creelhouse/infrastructure/persistence/CreditCardConverter.java. Using fallback presentation compiler.
2026.04.15 15:21:05 INFO  no build target found for /home/ad/afs/web/BookingCreelHouse/src/main/java/dev/_xdbe/booking/creelhouse/infrastructure/persistence/CreditCardConverter.java. Using fallback presentation compiler.
2026.04.15 15:21:05 INFO  no build target found for /home/ad/afs/web/BookingCreelHouse/src/main/java/dev/_xdbe/booking/creelhouse/infrastructure/persistence/CreditCardConverter.java. Using fallback presentation compiler.
2026.04.15 15:21:06 INFO  no build target found for /home/ad/afs/web/BookingCreelHouse/src/main/java/dev/_xdbe/booking/creelhouse/infrastructure/persistence/CreditCardConverter.java. Using fallback presentation compiler.
2026.04.15 15:21:06 INFO  no build target found for /home/ad/afs/web/BookingCreelHouse/src/main/java/dev/_xdbe/booking/creelhouse/infrastructure/persistence/CreditCardConverter.java. Using fallback presentation compiler.
2026.04.15 15:21:06 INFO  no build target found for /home/ad/afs/web/BookingCreelHouse/src/main/java/dev/_xdbe/booking/creelhouse/infrastructure/persistence/CreditCardConverter.java. Using fallback presentation compiler.
2026.04.15 15:21:06 INFO  no build target found for /home/ad/afs/web/BookingCreelHouse/src/main/java/dev/_xdbe/booking/creelhouse/infrastructure/persistence/CreditCardConverter.java. Using fallback presentation compiler.
2026.04.15 15:21:07 INFO  no build target found for /home/ad/afs/web/BookingCreelHouse/src/main/java/dev/_xdbe/booking/creelhouse/infrastructure/persistence/CreditCardConverter.java. Using fallback presentation compiler.
2026.04.15 15:21:07 INFO  no build target found for /home/ad/afs/web/BookingCreelHouse/src/main/java/dev/_xdbe/booking/creelhouse/infrastructure/persistence/CreditCardConverter.java. Using fallback presentation compiler.
2026.04.15 15:21:08 INFO  no build target found for /home/ad/afs/web/BookingCreelHouse/src/main/java/dev/_xdbe/booking/creelhouse/infrastructure/persistence/CreditCardConverter.java. Using fallback presentation compiler.
2026.04.15 15:21:08 INFO  no build target found for /home/ad/afs/web/BookingCreelHouse/src/main/java/dev/_xdbe/booking/creelhouse/infrastructure/persistence/CreditCardConverter.java. Using fallback presentation compiler.
2026.04.15 15:21:08 INFO  no build target found for /home/ad/afs/web/BookingCreelHouse/src/main/java/dev/_xdbe/booking/creelhouse/infrastructure/persistence/CreditCardConverter.java. Using fallback presentation compiler.
2026.04.15 15:21:08 INFO  no build target found for /home/ad/afs/web/BookingCreelHouse/src/main/java/dev/_xdbe/booking/creelhouse/infrastructure/persistence/CreditCardConverter.java. Using fallback presentation compiler.
2026.04.15 15:21:08 INFO  no build target found for /home/ad/afs/web/BookingCreelHouse/src/main/java/dev/_xdbe/booking/creelhouse/infrastructure/persistence/CreditCardConverter.java. Using fallback presentation compiler.
2026.04.15 15:21:09 WARN  no build target for: /home/ad/afs/web/BookingCreelHouse/src/main/java/dev/_xdbe/booking/creelhouse/infrastructure/persistence/CreditCardConverter.java
2026.04.15 15:21:09 INFO  no build target found for /home/ad/afs/web/BookingCreelHouse/src/main/java/dev/_xdbe/booking/creelhouse/infrastructure/persistence/CreditCardConverter.java. Using fallback presentation compiler.
2026.04.15 15:21:10 INFO  no build target found for /home/ad/afs/web/BookingCreelHouse/src/main/java/dev/_xdbe/booking/creelhouse/infrastructure/persistence/CreditCardConverter.java. Using fallback presentation compiler.
2026.04.15 15:21:18 INFO  no build target found for /home/ad/afs/web/BookingCreelHouse/src/main/java/dev/_xdbe/booking/creelhouse/infrastructure/persistence/CreditCardConverter.java. Using fallback presentation compiler.
2026.04.15 15:21:18 INFO  no build target found for /home/ad/afs/web/BookingCreelHouse/src/main/java/dev/_xdbe/booking/creelhouse/infrastructure/persistence/CreditCardConverter.java. Using fallback presentation compiler.
2026.04.15 15:21:19 INFO  no build target found for /home/ad/afs/web/BookingCreelHouse/src/main/java/dev/_xdbe/booking/creelhouse/infrastructure/persistence/CreditCardConverter.java. Using fallback presentation compiler.
2026.04.15 15:21:19 INFO  no build target found for /home/ad/afs/web/BookingCreelHouse/src/main/java/dev/_xdbe/booking/creelhouse/infrastructure/persistence/CreditCardConverter.java. Using fallback presentation compiler.
2026.04.15 15:21:19 INFO  no build target found for /home/ad/afs/web/BookingCreelHouse/src/main/java/dev/_xdbe/booking/creelhouse/infrastructure/persistence/CreditCardConverter.java. Using fallback presentation compiler.
2026.04.15 15:21:19 INFO  no build target found for /home/ad/afs/web/BookingCreelHouse/src/main/java/dev/_xdbe/booking/creelhouse/infrastructure/persistence/CreditCardConverter.java. Using fallback presentation compiler.
2026.04.15 15:21:20 INFO  no build target found for /home/ad/afs/web/BookingCreelHouse/src/main/java/dev/_xdbe/booking/creelhouse/infrastructure/persistence/CreditCardConverter.java. Using fallback presentation compiler.
2026.04.15 15:21:21 INFO  no build target found for /home/ad/afs/web/BookingCreelHouse/src/main/java/dev/_xdbe/booking/creelhouse/infrastructure/persistence/CreditCardConverter.java. Using fallback presentation compiler.
2026.04.15 15:21:21 INFO  no build target found for /home/ad/afs/web/BookingCreelHouse/src/main/java/dev/_xdbe/booking/creelhouse/infrastructure/persistence/CreditCardConverter.java. Using fallback presentation compiler.
2026.04.15 15:21:21 INFO  no build target found for /home/ad/afs/web/BookingCreelHouse/src/main/java/dev/_xdbe/booking/creelhouse/infrastructure/persistence/CreditCardConverter.java. Using fallback presentation compiler.
2026.04.15 15:21:23 INFO  no build target found for /home/ad/afs/web/BookingCreelHouse/src/main/java/dev/_xdbe/booking/creelhouse/infrastructure/persistence/CreditCardConverter.java. Using fallback presentation compiler.
2026.04.15 15:21:23 INFO  no build target found for /home/ad/afs/web/BookingCreelHouse/src/main/java/dev/_xdbe/booking/creelhouse/infrastructure/persistence/CreditCardConverter.java. Using fallback presentation compiler.
2026.04.15 15:21:23 INFO  no build target found for /home/ad/afs/web/BookingCreelHouse/src/main/java/dev/_xdbe/booking/creelhouse/infrastructure/persistence/CreditCardConverter.java. Using fallback presentation compiler.
2026.04.15 15:21:23 INFO  Created report: Optional[file:///home/ad/afs/web/BookingCreelHouse/src/main/java/dev/_xdbe/booking/creelhouse/infrastructure/persistence/CreditCardConverter.java]
2026.04.15 15:21:23 INFO  empty definition using pc, found symbol in pc: java/lang/String# (full report at: "/home/ad/afs/web/BookingCreelHouse/.metals/.reports/metals-full/2026-04-15/r_empty-definition_15-21-23-854.md")
2026.04.15 15:21:23 INFO  no build target found for /home/ad/afs/web/BookingCreelHouse/src/main/java/dev/_xdbe/booking/creelhouse/infrastructure/persistence/CreditCardConverter.java. Using fallback presentation compiler.
2026.04.15 15:21:23 INFO  no build target found for /home/ad/afs/web/BookingCreelHouse/src/main/java/dev/_xdbe/booking/creelhouse/infrastructure/persistence/CreditCardConverter.java. Using fallback presentation compiler.
2026.04.15 15:21:23 INFO  no build target found for /home/ad/afs/web/BookingCreelHouse/src/main/java/dev/_xdbe/booking/creelhouse/infrastructure/persistence/CreditCardConverter.java. Using fallback presentation compiler.
2026.04.15 15:21:24 INFO  no build target found for /home/ad/afs/web/BookingCreelHouse/src/main/java/dev/_xdbe/booking/creelhouse/infrastructure/persistence/CreditCardConverter.java. Using fallback presentation compiler.
2026.04.15 15:21:24 WARN  no build target for: /home/ad/afs/web/BookingCreelHouse/src/main/java/dev/_xdbe/booking/creelhouse/infrastructure/persistence/CreditCardConverter.java
2026.04.15 15:21:24 INFO  no build target found for /home/ad/afs/web/BookingCreelHouse/src/main/java/dev/_xdbe/booking/creelhouse/infrastructure/persistence/CreditCardConverter.java. Using fallback presentation compiler.
2026.04.15 15:21:24 INFO  no build target found for /home/ad/afs/web/BookingCreelHouse/src/main/java/dev/_xdbe/booking/creelhouse/infrastructure/persistence/CreditCardConverter.java. Using fallback presentation compiler.
2026.04.15 15:21:24 INFO  no build target found for /home/ad/afs/web/BookingCreelHouse/src/main/java/dev/_xdbe/booking/creelhouse/infrastructure/persistence/CreditCardConverter.java. Using fallback presentation compiler.
2026.04.15 15:21:39 INFO  no build target found for /home/ad/afs/web/BookingCreelHouse/src/main/java/dev/_xdbe/booking/creelhouse/infrastructure/persistence/CreditCardConverter.java. Using fallback presentation compiler.
2026.04.15 15:21:39 INFO  no build target found for /home/ad/afs/web/BookingCreelHouse/src/main/java/dev/_xdbe/booking/creelhouse/infrastructure/persistence/CreditCardConverter.java. Using fallback presentation compiler.
2026.04.15 15:27:33 INFO  no build target found for /home/ad/afs/web/BookingCreelHouse/src/main/java/dev/_xdbe/booking/creelhouse/infrastructure/persistence/CreditCardConverter.java. Using fallback presentation compiler.
2026.04.15 15:28:50 INFO  no build target found for /home/ad/afs/web/BookingCreelHouse/src/main/java/dev/_xdbe/booking/creelhouse/infrastructure/persistence/CreditCardConverter.java. Using fallback presentation compiler.
2026.04.15 15:28:52 INFO  no build target found for /home/ad/afs/web/BookingCreelHouse/src/main/java/dev/_xdbe/booking/creelhouse/infrastructure/persistence/CryptographyHelper.java. Using fallback presentation compiler.
2026.04.15 15:28:52 WARN  no build target for: /home/ad/afs/web/BookingCreelHouse/src/main/java/dev/_xdbe/booking/creelhouse/infrastructure/persistence/CryptographyHelper.java
2026.04.15 15:28:52 INFO  no build target found for /home/ad/afs/web/BookingCreelHouse/src/main/java/dev/_xdbe/booking/creelhouse/infrastructure/persistence/CryptographyHelper.java. Using fallback presentation compiler.
2026.04.15 15:28:52 INFO  no build target found for /home/ad/afs/web/BookingCreelHouse/src/main/java/dev/_xdbe/booking/creelhouse/infrastructure/persistence/CryptographyHelper.java. Using fallback presentation compiler.
2026.04.15 15:28:52 INFO  no build target found for /home/ad/afs/web/BookingCreelHouse/src/main/java/dev/_xdbe/booking/creelhouse/infrastructure/persistence/CryptographyHelper.java. Using fallback presentation compiler.
2026.04.15 15:28:52 INFO  no build target found for /home/ad/afs/web/BookingCreelHouse/src/main/java/dev/_xdbe/booking/creelhouse/infrastructure/persistence/CryptographyHelper.java. Using fallback presentation compiler.
2026.04.15 15:28:52 INFO  no build target found for /home/ad/afs/web/BookingCreelHouse/src/main/java/dev/_xdbe/booking/creelhouse/infrastructure/configuration/SecurityConfiguration.java. Using fallback presentation compiler.
2026.04.15 15:28:52 WARN  no build target for: /home/ad/afs/web/BookingCreelHouse/src/main/java/dev/_xdbe/booking/creelhouse/infrastructure/configuration/SecurityConfiguration.java
2026.04.15 15:28:52 INFO  no build target found for /home/ad/afs/web/BookingCreelHouse/src/main/java/dev/_xdbe/booking/creelhouse/infrastructure/configuration/SecurityConfiguration.java. Using fallback presentation compiler.
2026.04.15 15:28:52 INFO  no build target found for /home/ad/afs/web/BookingCreelHouse/src/main/java/dev/_xdbe/booking/creelhouse/infrastructure/configuration/SecurityConfiguration.java. Using fallback presentation compiler.
2026.04.15 15:28:52 INFO  no build target found for /home/ad/afs/web/BookingCreelHouse/src/main/java/dev/_xdbe/booking/creelhouse/infrastructure/configuration/SecurityConfiguration.java. Using fallback presentation compiler.
2026.04.15 15:28:53 INFO  no build target found for /home/ad/afs/web/BookingCreelHouse/src/main/java/dev/_xdbe/booking/creelhouse/infrastructure/configuration/SecurityConfiguration.java. Using fallback presentation compiler.
2026.04.15 15:39:22 INFO  no build target found for /home/ad/afs/web/BookingCreelHouse/src/main/java/dev/_xdbe/booking/creelhouse/infrastructure/configuration/SecurityConfiguration.java. Using fallback presentation compiler.
2026.04.15 15:39:22 INFO  no build target found for /home/ad/afs/web/BookingCreelHouse/src/main/java/dev/_xdbe/booking/creelhouse/infrastructure/configuration/SecurityConfiguration.java. Using fallback presentation compiler.
2026.04.15 16:05:27 INFO  no build target found for /home/ad/afs/web/BookingCreelHouse/src/main/java/dev/_xdbe/booking/creelhouse/infrastructure/configuration/SecurityConfiguration.java. Using fallback presentation compiler.
2026.04.15 16:05:27 WARN  no build target for: /home/ad/afs/web/BookingCreelHouse/src/main/java/dev/_xdbe/booking/creelhouse/infrastructure/configuration/SecurityConfiguration.java
2026.04.15 16:05:27 INFO  no build target found for /home/ad/afs/web/BookingCreelHouse/src/main/java/dev/_xdbe/booking/creelhouse/infrastructure/configuration/SecurityConfiguration.java. Using fallback presentation compiler.
2026.04.15 16:05:27 INFO  no build target found for /home/ad/afs/web/BookingCreelHouse/src/main/java/dev/_xdbe/booking/creelhouse/infrastructure/configuration/SecurityConfiguration.java. Using fallback presentation compiler.
2026.04.15 16:05:27 INFO  no build target found for /home/ad/afs/web/BookingCreelHouse/src/main/java/dev/_xdbe/booking/creelhouse/infrastructure/configuration/SecurityConfiguration.java. Using fallback presentation compiler.
2026.04.15 16:05:27 INFO  no build target found for /home/ad/afs/web/BookingCreelHouse/src/main/java/dev/_xdbe/booking/creelhouse/infrastructure/configuration/SecurityConfiguration.java. Using fallback presentation compiler.
2026.04.16 10:41:08 INFO  no build target found for /home/ad/afs/web/BookingCreelHouse/src/main/java/dev/_xdbe/booking/creelhouse/infrastructure/configuration/SecurityConfiguration.java. Using fallback presentation compiler.
2026.04.16 10:41:08 INFO  no build target found for /home/ad/afs/web/BookingCreelHouse/src/main/java/dev/_xdbe/booking/creelhouse/infrastructure/configuration/SecurityConfiguration.java. Using fallback presentation compiler.
2026.04.16 10:41:08 INFO  no build target found for /home/ad/afs/web/BookingCreelHouse/src/main/java/dev/_xdbe/booking/creelhouse/infrastructure/configuration/SecurityConfiguration.java. Using fallback presentation compiler.
avr. 16, 2026 10:41:08 AM org.eclipse.lsp4j.jsonrpc.RemoteEndpoint handleCancellation
AVERTISSEMENT: Unmatched cancel notification for request id 456
avr. 16, 2026 10:41:08 AM org.eclipse.lsp4j.jsonrpc.RemoteEndpoint handleCancellation
AVERTISSEMENT: Unmatched cancel notification for request id 457
2026.04.16 10:41:13 INFO  no build target found for /home/ad/afs/web/BookingCreelHouse/src/main/java/dev/_xdbe/booking/creelhouse/infrastructure/configuration/SecurityConfiguration.java. Using fallback presentation compiler.
2026.04.16 10:41:20 INFO  Shutting down server
2026.04.16 10:41:20 INFO  Memory monitor stopped
2026.04.16 10:41:20 INFO  shutting down Metals
2026.04.16 10:41:20 ERROR Unexpected error initializing server: 
org.eclipse.lsp4j.jsonrpc.ResponseErrorException: Request window/showMessageRequest failed with message: Canceled
	at org.eclipse.lsp4j.jsonrpc.RemoteEndpoint.handleResponse(RemoteEndpoint.java:214)
	at org.eclipse.lsp4j.jsonrpc.RemoteEndpoint.consume(RemoteEndpoint.java:198)
	at org.eclipse.lsp4j.jsonrpc.json.StreamMessageProducer.handleMessage(StreamMessageProducer.java:189)
	at org.eclipse.lsp4j.jsonrpc.json.StreamMessageProducer.listen(StreamMessageProducer.java:97)
	at org.eclipse.lsp4j.jsonrpc.json.ConcurrentMessageProcessor.run(ConcurrentMessageProcessor.java:97)
	at java.util.concurrent.Executors$RunnableAdapter.call(Executors.java:545)
	at java.util.concurrent.FutureTask.run(FutureTask.java:328)
	at java.util.concurrent.ThreadPoolExecutor.runWorker(ThreadPoolExecutor.java:1090)
	at java.util.concurrent.ThreadPoolExecutor$Worker.run(ThreadPoolExecutor.java:614)
	at java.lang.Thread.run(Thread.java:1474)

2026.04.16 10:41:20 INFO  Exiting server
